// Vitest Snapshot v1, https://vitest.dev/guide/snapshot.html

exports[`Carousel renders correctly 1`] = `null`;
