// Vitest Snapshot v1, https://vitest.dev/guide/snapshot.html

exports[`Delete Rooms renders correctly 1`] = `
<div>
  <main
    className="_container_ca1eb0"
  >
    <h1>
      Loading...
    </h1>
    <h1>
      Delete Rooms
    </h1>
    <table>
      <thead>
        <tr>
          <th>
            Image
          </th>
          <th>
            Name
          </th>
          <th>
            Action
          </th>
        </tr>
      </thead>
      <tbody>
        <tr>
          <td
            colSpan="3"
          >
            You have no rooms
          </td>
        </tr>
      </tbody>
    </table>
  </main>
</div>
`;
