// Vitest Snapshot v1, https://vitest.dev/guide/snapshot.html

exports[`My Bookings page renders correctly 1`] = `
<main
  className="_container_ca1eb0"
>
  <h1>
    My Bookings
  </h1>
  <table
    className=""
  >
    <thead>
      <tr>
        <th>
          Room Name
        </th>
        <th>
          Check-in Date
        </th>
        <th>
          Check-out Date
        </th>
        <th>
          Actions
        </th>
      </tr>
    </thead>
    <tbody>
      <tr>
        <td
          colSpan="4"
        >
          You have no bookings
        </td>
      </tr>
    </tbody>
  </table>
</main>
`;
